Flow report for alucore
Wed Nov 26 10:25:44 2025
Quartus II 32-bit Version 13.0.1 Build 232 06/12/2013 Service Pack 1 SJ Web Edition


---------------------
; Table of Contents ;
---------------------
  1. Legal Notice
  2. Flow Summary
  3. Flow Settings
  4. Flow Non-Default Global Settings
  5. Flow Elapsed Time
  6. Flow OS Summary
  7. Flow Log
  8. Flow Messages
  9. Flow Suppressed Messages



----------------
; Legal Notice ;
----------------
Copyright (C) 1991-2013 Altera Corporation
Your use of Altera Corporation's design tools, logic functions 
and other software and tools, and its AMPP partner logic 
functions, and any output files from any of the foregoing 
(including device programming or simulation files), and any 
associated documentation or information are expressly subject 
to the terms and conditions of the Altera Program License 
Subscription Agreement, Altera MegaCore Function License 
Agreement, or other applicable license agreement, including, 
without limitation, that your use is for the sole purpose of 
programming logic devices manufactured by Altera and sold by 
Altera or its authorized distributors.  Please refer to the 
applicable agreement for further details.



+--------------------------------------------------------------------------------------+
; Flow Summary                                                                         ;
+------------------------------------+-------------------------------------------------+
; Flow Status                        ; Successful - Wed Nov 26 10:25:44 2025           ;
; Quartus II 32-bit Version          ; 13.0.1 Build 232 06/12/2013 SP 1 SJ Web Edition ;
; Revision Name                      ; alucore                                         ;
; Top-level Entity Name              ; ALU                                             ;
; Family                             ; Cyclone II                                      ;
; Total logic elements               ; 108 / 4,608 ( 2 % )                             ;
;     Total combinational functions  ; 108 / 4,608 ( 2 % )                             ;
;     Dedicated logic registers      ; 9 / 4,608 ( < 1 % )                             ;
; Total registers                    ; 9                                               ;
; Total pins                         ; 46 / 89 ( 52 % )                                ;
; Total virtual pins                 ; 0                                               ;
; Total memory bits                  ; 0 / 119,808 ( 0 % )                             ;
; Embedded Multiplier 9-bit elements ; 0 / 26 ( 0 % )                                  ;
; Total PLLs                         ; 0 / 2 ( 0 % )                                   ;
; Device                             ; EP2C5T144C6                                     ;
; Timing Models                      ; Final                                           ;
+------------------------------------+-------------------------------------------------+


+-----------------------------------------+
; Flow Settings                           ;
+-------------------+---------------------+
; Option            ; Setting             ;
+-------------------+---------------------+
; Start date & time ; 11/26/2025 10:20:07 ;
; Main task         ; Compilation         ;
; Revision Name     ; alucore             ;
+-------------------+---------------------+


+-----------------------------------------------------------------------------------------------------------------+
; Flow Non-Default Global Settings                                                                                ;
+-------------------------------------+--------------------------------+---------------+-------------+------------+
; Assignment Name                     ; Value                          ; Default Value ; Entity Name ; Section Id ;
+-------------------------------------+--------------------------------+---------------+-------------+------------+
; COMPILER_SIGNATURE_ID               ; 75842246332700.176417040715548 ; --            ; --          ; --         ;
; PARTITION_COLOR                     ; 16764057                       ; --            ; ALU         ; Top        ;
; PARTITION_FITTER_PRESERVATION_LEVEL ; PLACEMENT_AND_ROUTING          ; --            ; ALU         ; Top        ;
; PARTITION_NETLIST_TYPE              ; SOURCE                         ; --            ; ALU         ; Top        ;
; PROJECT_OUTPUT_DIRECTORY            ; output_files                   ; --            ; --          ; --         ;
; TOP_LEVEL_ENTITY                    ; ALU                            ; alucore       ; --          ; --         ;
+-------------------------------------+--------------------------------+---------------+-------------+------------+


+-------------------------------------------------------------------------------------------------------------------------------+
; Flow Elapsed Time                                                                                                             ;
+---------------------------+--------------+-------------------------+---------------------+------------------------------------+
; Module Name               ; Elapsed Time ; Average Processors Used ; Peak Virtual Memory ; Total CPU Time (on all processors) ;
+---------------------------+--------------+-------------------------+---------------------+------------------------------------+
; Analysis & Synthesis      ; 00:00:01     ; 1.0                     ; 387 MB              ; 00:00:01                           ;
; Fitter                    ; 00:00:02     ; 1.0                     ; 440 MB              ; 00:00:01                           ;
; Assembler                 ; 00:00:01     ; 1.0                     ; 353 MB              ; 00:00:00                           ;
; TimeQuest Timing Analyzer ; 00:00:01     ; 1.0                     ; 324 MB              ; 00:00:00                           ;
; EDA Netlist Writer        ; 00:00:00     ; 1.0                     ; 316 MB              ; 00:00:00                           ;
; EDA Netlist Writer        ; 00:00:00     ; 1.0                     ; 334 MB              ; 00:00:00                           ;
; EDA Netlist Writer        ; 00:00:01     ; 1.0                     ; 315 MB              ; 00:00:00                           ;
; EDA Netlist Writer        ; 00:00:00     ; 1.0                     ; 335 MB              ; 00:00:00                           ;
; EDA Netlist Writer        ; 00:00:00     ; 1.0                     ; 316 MB              ; 00:00:00                           ;
; EDA Netlist Writer        ; 00:00:00     ; 1.0                     ; 334 MB              ; 00:00:00                           ;
; EDA Netlist Writer        ; 00:00:00     ; 1.0                     ; 315 MB              ; 00:00:00                           ;
; EDA Netlist Writer        ; 00:00:00     ; 1.0                     ; 334 MB              ; 00:00:00                           ;
; Total                     ; 00:00:06     ; --                      ; --                  ; 00:00:02                           ;
+---------------------------+--------------+-------------------------+---------------------+------------------------------------+


+----------------------------------------------------------------------------------------+
; Flow OS Summary                                                                        ;
+---------------------------+------------------+-----------+------------+----------------+
; Module Name               ; Machine Hostname ; OS Name   ; OS Version ; Processor type ;
+---------------------------+------------------+-----------+------------+----------------+
; Analysis & Synthesis      ; gabriels-laptop  ; Windows 7 ; 6.2        ; x86_64         ;
; Fitter                    ; gabriels-laptop  ; Windows 7 ; 6.2        ; x86_64         ;
; Assembler                 ; gabriels-laptop  ; Windows 7 ; 6.2        ; x86_64         ;
; TimeQuest Timing Analyzer ; gabriels-laptop  ; Windows 7 ; 6.2        ; x86_64         ;
; EDA Netlist Writer        ; gabriels-laptop  ; Windows 7 ; 6.2        ; x86_64         ;
; EDA Netlist Writer        ; gabriels-laptop  ; Windows 7 ; 6.2        ; x86_64         ;
; EDA Netlist Writer        ; gabriels-laptop  ; Windows 7 ; 6.2        ; x86_64         ;
; EDA Netlist Writer        ; gabriels-laptop  ; Windows 7 ; 6.2        ; x86_64         ;
; EDA Netlist Writer        ; gabriels-laptop  ; Windows 7 ; 6.2        ; x86_64         ;
; EDA Netlist Writer        ; gabriels-laptop  ; Windows 7 ; 6.2        ; x86_64         ;
; EDA Netlist Writer        ; gabriels-laptop  ; Windows 7 ; 6.2        ; x86_64         ;
; EDA Netlist Writer        ; gabriels-laptop  ; Windows 7 ; 6.2        ; x86_64         ;
+---------------------------+------------------+-----------+------------+----------------+


------------
; Flow Log ;
------------
quartus_map --read_settings_files=on --write_settings_files=off alucore -c alucore
quartus_fit --read_settings_files=off --write_settings_files=off alucore -c alucore
quartus_asm --read_settings_files=off --write_settings_files=off alucore -c alucore
quartus_sta alucore -c alucore
quartus_eda --gen_testbench --check_outputs=on --tool=modelsim_oem --format=verilog alucore -c alucore --vector_source="C:/altera/13.0sp1/Projects/COE328/LAB 6/ALU CORE/aluwaveform.vwf" --testbench_file=./simulation/qsim/alucore.vt
quartus_eda --functional=on --simulation=on --tool=modelsim_oem --format=verilog alucore -c alucore
quartus_eda --gen_testbench --check_outputs=on --tool=modelsim_oem --format=verilog alucore -c alucore --vector_source="C:/altera/13.0sp1/Projects/COE328/LAB 6/ALU CORE/aluwaveform.vwf" --testbench_file=./simulation/qsim/alucore.vt
quartus_eda --functional=on --simulation=on --tool=modelsim_oem --format=verilog alucore -c alucore
quartus_eda --gen_testbench --check_outputs=on --tool=modelsim_oem --format=verilog alucore -c alucore --vector_source="C:/altera/13.0sp1/Projects/COE328/LAB 6/ALU CORE/aluwaveform.vwf" --testbench_file=./simulation/qsim/alucore.vt
quartus_eda --functional=on --simulation=on --tool=modelsim_oem --format=verilog alucore -c alucore
quartus_eda --gen_testbench --check_outputs=on --tool=modelsim_oem --format=verilog alucore -c alucore --vector_source="C:/altera/13.0sp1/Projects/COE328/LAB 6/ALU CORE/aluwaveform.vwf" --testbench_file=./simulation/qsim/alucore.vt
quartus_eda --functional=on --simulation=on --tool=modelsim_oem --format=verilog alucore -c alucore



