Flow report for ALUmod2
Sat Nov 29 19:36:46 2025
Quartus II 32-bit Version 13.0.1 Build 232 06/12/2013 Service Pack 1 SJ Web Edition


---------------------
; Table of Contents ;
---------------------
  1. Legal Notice
  2. Flow Summary
  3. Flow Settings
  4. Flow Non-Default Global Settings
  5. Flow Elapsed Time
  6. Flow OS Summary
  7. Flow Log
  8. Flow Messages
  9. Flow Suppressed Messages



----------------
; Legal Notice ;
----------------
Copyright (C) 1991-2013 Altera Corporation
Your use of Altera Corporation's design tools, logic functions 
and other software and tools, and its AMPP partner logic 
functions, and any output files from any of the foregoing 
(including device programming or simulation files), and any 
associated documentation or information are expressly subject 
to the terms and conditions of the Altera Program License 
Subscription Agreement, Altera MegaCore Function License 
Agreement, or other applicable license agreement, including, 
without limitation, that your use is for the sole purpose of 
programming logic devices manufactured by Altera and sold by 
Altera or its authorized distributors.  Please refer to the 
applicable agreement for further details.



+--------------------------------------------------------------------------------------+
; Flow Summary                                                                         ;
+------------------------------------+-------------------------------------------------+
; Flow Status                        ; Successful - Sat Nov 29 19:36:46 2025           ;
; Quartus II 32-bit Version          ; 13.0.1 Build 232 06/12/2013 SP 1 SJ Web Edition ;
; Revision Name                      ; ALUmod2                                         ;
; Top-level Entity Name              ; ALUmod2                                         ;
; Family                             ; Cyclone II                                      ;
; Device                             ; EP2C35F672C6                                    ;
; Timing Models                      ; Final                                           ;
; Total logic elements               ; 1 / 33,216 ( < 1 % )                            ;
;     Total combinational functions  ; 0 / 33,216 ( 0 % )                              ;
;     Dedicated logic registers      ; 1 / 33,216 ( < 1 % )                            ;
; Total registers                    ; 1                                               ;
; Total pins                         ; 41 / 475 ( 9 % )                                ;
; Total virtual pins                 ; 0                                               ;
; Total memory bits                  ; 0 / 483,840 ( 0 % )                             ;
; Embedded Multiplier 9-bit elements ; 0 / 70 ( 0 % )                                  ;
; Total PLLs                         ; 0 / 4 ( 0 % )                                   ;
+------------------------------------+-------------------------------------------------+


+-----------------------------------------+
; Flow Settings                           ;
+-------------------+---------------------+
; Option            ; Setting             ;
+-------------------+---------------------+
; Start date & time ; 11/29/2025 19:28:23 ;
; Main task         ; Compilation         ;
; Revision Name     ; ALUmod2             ;
+-------------------+---------------------+


+---------------------------------------------------------------------------------------------------------------------+
; Flow Non-Default Global Settings                                                                                    ;
+-------------------------------------+--------------------------------+---------------+-------------+----------------+
; Assignment Name                     ; Value                          ; Default Value ; Entity Name ; Section Id     ;
+-------------------------------------+--------------------------------+---------------+-------------+----------------+
; COMPILER_SIGNATURE_ID               ; 75842246332700.176446250320340 ; --            ; --          ; --             ;
; EDA_OUTPUT_DATA_FORMAT              ; Vhdl                           ; --            ; --          ; eda_simulation ;
; EDA_SIMULATION_TOOL                 ; ModelSim-Altera (VHDL)         ; <None>        ; --          ; --             ;
; MAX_CORE_JUNCTION_TEMP              ; 85                             ; --            ; --          ; --             ;
; MIN_CORE_JUNCTION_TEMP              ; 0                              ; --            ; --          ; --             ;
; PARTITION_COLOR                     ; 16764057                       ; --            ; --          ; Top            ;
; PARTITION_FITTER_PRESERVATION_LEVEL ; PLACEMENT_AND_ROUTING          ; --            ; --          ; Top            ;
; PARTITION_NETLIST_TYPE              ; SOURCE                         ; --            ; --          ; Top            ;
; PROJECT_OUTPUT_DIRECTORY            ; output_files                   ; --            ; --          ; --             ;
+-------------------------------------+--------------------------------+---------------+-------------+----------------+


+-------------------------------------------------------------------------------------------------------------------------------+
; Flow Elapsed Time                                                                                                             ;
+---------------------------+--------------+-------------------------+---------------------+------------------------------------+
; Module Name               ; Elapsed Time ; Average Processors Used ; Peak Virtual Memory ; Total CPU Time (on all processors) ;
+---------------------------+--------------+-------------------------+---------------------+------------------------------------+
; Analysis & Synthesis      ; 00:00:01     ; 1.0                     ; 403 MB              ; 00:00:01                           ;
; Fitter                    ; 00:00:02     ; 1.0                     ; 507 MB              ; 00:00:02                           ;
; Assembler                 ; 00:00:01     ; 1.0                     ; 365 MB              ; 00:00:01                           ;
; TimeQuest Timing Analyzer ; 00:00:00     ; 1.0                     ; 324 MB              ; 00:00:00                           ;
; EDA Netlist Writer        ; 00:00:00     ; 1.0                     ; 320 MB              ; 00:00:00                           ;
; EDA Netlist Writer        ; 00:00:01     ; 1.0                     ; 331 MB              ; 00:00:00                           ;
; EDA Netlist Writer        ; 00:00:00     ; 1.0                     ; 334 MB              ; 00:00:00                           ;
; EDA Netlist Writer        ; 00:00:01     ; 1.0                     ; 331 MB              ; 00:00:00                           ;
; EDA Netlist Writer        ; 00:00:00     ; 1.0                     ; 335 MB              ; 00:00:00                           ;
; Total                     ; 00:00:06     ; --                      ; --                  ; 00:00:04                           ;
+---------------------------+--------------+-------------------------+---------------------+------------------------------------+


+----------------------------------------------------------------------------------------+
; Flow OS Summary                                                                        ;
+---------------------------+------------------+-----------+------------+----------------+
; Module Name               ; Machine Hostname ; OS Name   ; OS Version ; Processor type ;
+---------------------------+------------------+-----------+------------+----------------+
; Analysis & Synthesis      ; gabriels-laptop  ; Windows 7 ; 6.2        ; x86_64         ;
; Fitter                    ; gabriels-laptop  ; Windows 7 ; 6.2        ; x86_64         ;
; Assembler                 ; gabriels-laptop  ; Windows 7 ; 6.2        ; x86_64         ;
; TimeQuest Timing Analyzer ; gabriels-laptop  ; Windows 7 ; 6.2        ; x86_64         ;
; EDA Netlist Writer        ; gabriels-laptop  ; Windows 7 ; 6.2        ; x86_64         ;
; EDA Netlist Writer        ; gabriels-laptop  ; Windows 7 ; 6.2        ; x86_64         ;
; EDA Netlist Writer        ; gabriels-laptop  ; Windows 7 ; 6.2        ; x86_64         ;
; EDA Netlist Writer        ; gabriels-laptop  ; Windows 7 ; 6.2        ; x86_64         ;
; EDA Netlist Writer        ; gabriels-laptop  ; Windows 7 ; 6.2        ; x86_64         ;
+---------------------------+------------------+-----------+------------+----------------+


------------
; Flow Log ;
------------
quartus_map --read_settings_files=on --write_settings_files=off ALUmod2 -c ALUmod2
quartus_fit --read_settings_files=off --write_settings_files=off ALUmod2 -c ALUmod2
quartus_asm --read_settings_files=off --write_settings_files=off ALUmod2 -c ALUmod2
quartus_sta ALUmod2 -c ALUmod2
quartus_eda --read_settings_files=off --write_settings_files=off ALUmod2 -c ALUmod2
quartus_eda --gen_testbench --check_outputs=on --tool=modelsim_oem --format=verilog ALUmod2 -c ALUmod2 --vector_source="C:/altera/13.0sp1/Projects/COE328/LAB 6 final/LAB 6/ALU MOD 2/alumod2waveform.vwf" --testbench_file=./simulation/qsim/ALUmod2.vt
quartus_eda --functional=on --simulation=on --tool=modelsim_oem --format=verilog ALUmod2 -c ALUmod2
quartus_eda --gen_testbench --check_outputs=on --tool=modelsim_oem --format=verilog ALUmod2 -c ALUmod2 --vector_source="C:/altera/13.0sp1/Projects/COE328/LAB 6 final/LAB 6/ALU MOD 2/alumod2waveform.vwf" --testbench_file=./simulation/qsim/ALUmod2.vt
quartus_eda --functional=on --simulation=on --tool=modelsim_oem --format=verilog ALUmod2 -c ALUmod2



