Analysis & Synthesis report for finalproject
Sat Sep 12 17:33:38 2026
Quartus Prime Version 25.1std.0 Build 1129 10/21/2025 SC Lite Edition


---------------------
; Table of Contents ;
---------------------
  1. Legal Notice
  2. Analysis & Synthesis Summary
  3. Analysis & Synthesis Settings
  4. Parallel Compilation
  5. Analysis & Synthesis Source Files Read
  6. Analysis & Synthesis Resource Usage Summary
  7. Analysis & Synthesis Resource Utilization by Entity
  8. State Machine - |finalproject|machine:inst4|yfsm
  9. General Register Statistics
 10. Multiplexer Restructuring Statistics (Restructuring Performed)
 11. Post-Synthesis Netlist Statistics for Top Partition
 12. Elapsed Time Per Partition
 13. Analysis & Synthesis Messages



----------------
; Legal Notice ;
----------------
Copyright (C) 2025  Altera Corporation. All rights reserved.
Your use of Altera Corporation's design tools, logic functions 
and other software and tools, and any partner logic 
functions, and any output files from any of the foregoing 
(including device programming or simulation files), and any 
associated documentation or information are expressly subject 
to the terms and conditions of the Altera Program License 
Subscription Agreement, the Altera Quartus Prime License Agreement,
the Altera IP License Agreement, or other applicable license
agreement, including, without limitation, that your use is for
the sole purpose of programming logic devices manufactured by
Altera and sold by Altera or its authorized distributors.  Please
refer to the Altera Software License Subscription Agreements 
on the Quartus Prime software download page.



+--------------------------------------------------------------------------------------+
; Analysis & Synthesis Summary                                                         ;
+------------------------------------+-------------------------------------------------+
; Analysis & Synthesis Status        ; Successful - Sat Sep 12 17:33:38 2026           ;
; Quartus Prime Version              ; 25.1std.0 Build 1129 10/21/2025 SC Lite Edition ;
; Revision Name                      ; finalproject                                    ;
; Top-level Entity Name              ; finalproject                                    ;
; Family                             ; Cyclone IV E                                    ;
; Total logic elements               ; 143                                             ;
;     Total combinational functions  ; 120                                             ;
;     Dedicated logic registers      ; 34                                              ;
; Total registers                    ; 34                                              ;
; Total pins                         ; 50                                              ;
; Total virtual pins                 ; 0                                               ;
; Total memory bits                  ; 0                                               ;
; Embedded Multiplier 9-bit elements ; 0                                               ;
; Total PLLs                         ; 0                                               ;
+------------------------------------+-------------------------------------------------+


+------------------------------------------------------------------------------------------------------------+
; Analysis & Synthesis Settings                                                                              ;
+------------------------------------------------------------------+--------------------+--------------------+
; Option                                                           ; Setting            ; Default Value      ;
+------------------------------------------------------------------+--------------------+--------------------+
; Top-level entity name                                            ; finalproject       ; finalproject       ;
; Family name                                                      ; Cyclone IV E       ; Cyclone V          ;
; Use smart compilation                                            ; Off                ; Off                ;
; Enable parallel Assembler and Timing Analyzer during compilation ; On                 ; On                 ;
; Enable compact report table                                      ; Off                ; Off                ;
; Restructure Multiplexers                                         ; Auto               ; Auto               ;
; Create Debugging Nodes for IP Cores                              ; Off                ; Off                ;
; Preserve fewer node names                                        ; On                 ; On                 ;
; Intel FPGA IP Evaluation Mode                                    ; Enable             ; Enable             ;
; Verilog Version                                                  ; Verilog_2001       ; Verilog_2001       ;
; VHDL Version                                                     ; VHDL_1993          ; VHDL_1993          ;
; State Machine Processing                                         ; Auto               ; Auto               ;
; Safe State Machine                                               ; Off                ; Off                ;
; Extract Verilog State Machines                                   ; On                 ; On                 ;
; Extract VHDL State Machines                                      ; On                 ; On                 ;
; Ignore Verilog initial constructs                                ; Off                ; Off                ;
; Iteration limit for constant Verilog loops                       ; 5000               ; 5000               ;
; Iteration limit for non-constant Verilog loops                   ; 250                ; 250                ;
; Add Pass-Through Logic to Inferred RAMs                          ; On                 ; On                 ;
; Infer RAMs from Raw Logic                                        ; On                 ; On                 ;
; Parallel Synthesis                                               ; On                 ; On                 ;
; DSP Block Balancing                                              ; Auto               ; Auto               ;
; NOT Gate Push-Back                                               ; On                 ; On                 ;
; Power-Up Don't Care                                              ; On                 ; On                 ;
; Remove Redundant Logic Cells                                     ; Off                ; Off                ;
; Remove Duplicate Registers                                       ; On                 ; On                 ;
; Ignore CARRY Buffers                                             ; Off                ; Off                ;
; Ignore CASCADE Buffers                                           ; Off                ; Off                ;
; Ignore GLOBAL Buffers                                            ; Off                ; Off                ;
; Ignore ROW GLOBAL Buffers                                        ; Off                ; Off                ;
; Ignore LCELL Buffers                                             ; Off                ; Off                ;
; Ignore SOFT Buffers                                              ; On                 ; On                 ;
; Limit AHDL Integers to 32 Bits                                   ; Off                ; Off                ;
; Optimization Technique                                           ; Balanced           ; Balanced           ;
; Carry Chain Length                                               ; 70                 ; 70                 ;
; Auto Carry Chains                                                ; On                 ; On                 ;
; Auto Open-Drain Pins                                             ; On                 ; On                 ;
; Perform WYSIWYG Primitive Resynthesis                            ; Off                ; Off                ;
; Auto ROM Replacement                                             ; On                 ; On                 ;
; Auto RAM Replacement                                             ; On                 ; On                 ;
; Auto DSP Block Replacement                                       ; On                 ; On                 ;
; Auto Shift Register Replacement                                  ; Auto               ; Auto               ;
; Allow Shift Register Merging across Hierarchies                  ; Auto               ; Auto               ;
; Auto Clock Enable Replacement                                    ; On                 ; On                 ;
; Strict RAM Replacement                                           ; Off                ; Off                ;
; Allow Synchronous Control Signals                                ; On                 ; On                 ;
; Force Use of Synchronous Clear Signals                           ; Off                ; Off                ;
; Auto RAM Block Balancing                                         ; On                 ; On                 ;
; Auto RAM to Logic Cell Conversion                                ; Off                ; Off                ;
; Auto Resource Sharing                                            ; Off                ; Off                ;
; Allow Any RAM Size For Recognition                               ; Off                ; Off                ;
; Allow Any ROM Size For Recognition                               ; Off                ; Off                ;
; Allow Any Shift Register Size For Recognition                    ; Off                ; Off                ;
; Use LogicLock Constraints during Resource Balancing              ; On                 ; On                 ;
; Ignore translate_off and synthesis_off directives                ; Off                ; Off                ;
; Timing-Driven Synthesis                                          ; On                 ; On                 ;
; Report Parameter Settings                                        ; On                 ; On                 ;
; Report Source Assignments                                        ; On                 ; On                 ;
; Report Connectivity Checks                                       ; On                 ; On                 ;
; Ignore Maximum Fan-Out Assignments                               ; Off                ; Off                ;
; Synchronization Register Chain Length                            ; 2                  ; 2                  ;
; Power Optimization During Synthesis                              ; Normal compilation ; Normal compilation ;
; HDL message level                                                ; Level2             ; Level2             ;
; Suppress Register Optimization Related Messages                  ; Off                ; Off                ;
; Number of Removed Registers Reported in Synthesis Report         ; 5000               ; 5000               ;
; Number of Swept Nodes Reported in Synthesis Report               ; 5000               ; 5000               ;
; Number of Inverted Registers Reported in Synthesis Report        ; 100                ; 100                ;
; Clock MUX Protection                                             ; On                 ; On                 ;
; Auto Gated Clock Conversion                                      ; Off                ; Off                ;
; Block Design Naming                                              ; Auto               ; Auto               ;
; SDC constraint protection                                        ; Off                ; Off                ;
; Synthesis Effort                                                 ; Auto               ; Auto               ;
; Shift Register Replacement - Allow Asynchronous Clear Signal     ; On                 ; On                 ;
; Pre-Mapping Resynthesis Optimization                             ; Off                ; Off                ;
; Analysis & Synthesis Message Level                               ; Medium             ; Medium             ;
; Disable Register Merging Across Hierarchies                      ; Auto               ; Auto               ;
; Resource Aware Inference For Block RAM                           ; On                 ; On                 ;
+------------------------------------------------------------------+--------------------+--------------------+


+------------------------------------------+
; Parallel Compilation                     ;
+----------------------------+-------------+
; Processors                 ; Number      ;
+----------------------------+-------------+
; Number detected on machine ; 20          ;
; Maximum allowed            ; 16          ;
;                            ;             ;
; Average used               ; 1.00        ;
; Maximum used               ; 16          ;
;                            ;             ;
; Usage by Processor         ; % Time Used ;
;     Processor 1            ; 100.0%      ;
;     Processors 2-16        ;   0.0%      ;
+----------------------------+-------------+


+----------------------------------------------------------------------------------------------------------------------------------------------------------------------------------------+
; Analysis & Synthesis Source Files Read                                                                                                                                                 ;
+----------------------------------+-----------------+------------------------------------+------------------------------------------------------------------------------------+---------+
; File Name with User-Entered Path ; Used in Netlist ; File Type                          ; File Name with Absolute Path                                                       ; Library ;
+----------------------------------+-----------------+------------------------------------+------------------------------------------------------------------------------------+---------+
; ../SEVENSEG/sevensegg.vhd        ; yes             ; User VHDL File                     ; C:/altera/13.0sp1/Projects/COE328/LAB 6 final/LAB 6/SEVENSEG/sevensegg.vhd         ;         ;
; ../REGISTER/latch1.vhd           ; yes             ; User VHDL File                     ; C:/altera/13.0sp1/Projects/COE328/LAB 6 final/LAB 6/REGISTER/latch1.vhd            ;         ;
; ../FSM/machine.vhd               ; yes             ; User VHDL File                     ; C:/altera/13.0sp1/Projects/COE328/LAB 6 final/LAB 6/FSM/machine.vhd                ;         ;
; ../ALU CORE/ALU.vhd              ; yes             ; User VHDL File                     ; C:/altera/13.0sp1/Projects/COE328/LAB 6 final/LAB 6/ALU CORE/ALU.vhd               ;         ;
; finalproject.bdf                 ; yes             ; User Block Diagram/Schematic File  ; C:/altera/13.0sp1/Projects/COE328/LAB 6 final/LAB 6/final project/finalproject.bdf ;         ;
; dec4to16.vhd                     ; yes             ; User VHDL File                     ; C:/altera/13.0sp1/Projects/COE328/LAB 6 final/LAB 6/final project/dec4to16.vhd     ;         ;
+----------------------------------+-----------------+------------------------------------+------------------------------------------------------------------------------------+---------+


+-----------------------------------------------------------+
; Analysis & Synthesis Resource Usage Summary               ;
+---------------------------------------------+-------------+
; Resource                                    ; Usage       ;
+---------------------------------------------+-------------+
; Estimated Total logic elements              ; 143         ;
;                                             ;             ;
; Total combinational functions               ; 120         ;
; Logic element usage by number of LUT inputs ;             ;
;     -- 4 input functions                    ; 54          ;
;     -- 3 input functions                    ; 38          ;
;     -- <=2 input functions                  ; 28          ;
;                                             ;             ;
; Logic elements by mode                      ;             ;
;     -- normal mode                          ; 99          ;
;     -- arithmetic mode                      ; 21          ;
;                                             ;             ;
; Total registers                             ; 34          ;
;     -- Dedicated logic registers            ; 34          ;
;     -- I/O registers                        ; 0           ;
;                                             ;             ;
; I/O pins                                    ; 50          ;
;                                             ;             ;
; Embedded Multiplier 9-bit elements          ; 0           ;
;                                             ;             ;
; Maximum fan-out node                        ; Clock~input ;
; Maximum fan-out                             ; 34          ;
; Total fan-out                               ; 581         ;
; Average fan-out                             ; 2.29        ;
+---------------------------------------------+-------------+


+----------------------------------------------------------------------------------------------------------------------------------------------------------------------------------------------------------------------+
; Analysis & Synthesis Resource Utilization by Entity                                                                                                                                                                  ;
+----------------------------+---------------------+---------------------------+-------------+--------------+---------+-----------+------+--------------+--------------------------------+--------------+--------------+
; Compilation Hierarchy Node ; Combinational ALUTs ; Dedicated Logic Registers ; Memory Bits ; DSP Elements ; DSP 9x9 ; DSP 18x18 ; Pins ; Virtual Pins ; Full Hierarchy Name            ; Entity Name  ; Library Name ;
+----------------------------+---------------------+---------------------------+-------------+--------------+---------+-----------+------+--------------+--------------------------------+--------------+--------------+
; |finalproject              ; 120 (0)             ; 34 (0)                    ; 0           ; 0            ; 0       ; 0         ; 50   ; 0            ; |finalproject                  ; finalproject ; work         ;
;    |ALU:inst3|             ; 92 (92)             ; 9 (9)                     ; 0           ; 0            ; 0       ; 0         ; 0    ; 0            ; |finalproject|ALU:inst3        ; ALU          ; work         ;
;    |dec4to16:inst1|        ; 2 (2)               ; 0 (0)                     ; 0           ; 0            ; 0       ; 0         ; 0    ; 0            ; |finalproject|dec4to16:inst1   ; dec4to16     ; work         ;
;    |latch1:inst2|          ; 0 (0)               ; 8 (8)                     ; 0           ; 0            ; 0       ; 0         ; 0    ; 0            ; |finalproject|latch1:inst2     ; latch1       ; work         ;
;    |latch1:inst|           ; 0 (0)               ; 8 (8)                     ; 0           ; 0            ; 0       ; 0         ; 0    ; 0            ; |finalproject|latch1:inst      ; latch1       ; work         ;
;    |machine:inst4|         ; 5 (5)               ; 9 (9)                     ; 0           ; 0            ; 0       ; 0         ; 0    ; 0            ; |finalproject|machine:inst4    ; machine      ; work         ;
;    |sevensegg:inst13|      ; 7 (7)               ; 0 (0)                     ; 0           ; 0            ; 0       ; 0         ; 0    ; 0            ; |finalproject|sevensegg:inst13 ; sevensegg    ; work         ;
;    |sevensegg:inst14|      ; 7 (7)               ; 0 (0)                     ; 0           ; 0            ; 0       ; 0         ; 0    ; 0            ; |finalproject|sevensegg:inst14 ; sevensegg    ; work         ;
;    |sevensegg:inst9|       ; 7 (7)               ; 0 (0)                     ; 0           ; 0            ; 0       ; 0         ; 0    ; 0            ; |finalproject|sevensegg:inst9  ; sevensegg    ; work         ;
+----------------------------+---------------------+---------------------------+-------------+--------------+---------+-----------+------+--------------+--------------------------------+--------------+--------------+
Note: For table entries with two numbers listed, the numbers in parentheses indicate the number of resources of the given type used by the specific entity alone. The numbers listed outside of parentheses indicate the total resources of the given type used by the specific entity and all of its sub-entities in the hierarchy.


Encoding Type:  One-Hot
+---------------------------------------------------------------------------------------------------+
; State Machine - |finalproject|machine:inst4|yfsm                                                  ;
+---------+---------+---------+---------+---------+---------+---------+---------+---------+---------+
; Name    ; yfsm.s8 ; yfsm.s7 ; yfsm.s6 ; yfsm.s5 ; yfsm.s4 ; yfsm.s3 ; yfsm.s2 ; yfsm.s1 ; yfsm.s0 ;
+---------+---------+---------+---------+---------+---------+---------+---------+---------+---------+
; yfsm.s0 ; 0       ; 0       ; 0       ; 0       ; 0       ; 0       ; 0       ; 0       ; 0       ;
; yfsm.s1 ; 0       ; 0       ; 0       ; 0       ; 0       ; 0       ; 0       ; 1       ; 1       ;
; yfsm.s2 ; 0       ; 0       ; 0       ; 0       ; 0       ; 0       ; 1       ; 0       ; 1       ;
; yfsm.s3 ; 0       ; 0       ; 0       ; 0       ; 0       ; 1       ; 0       ; 0       ; 1       ;
; yfsm.s4 ; 0       ; 0       ; 0       ; 0       ; 1       ; 0       ; 0       ; 0       ; 1       ;
; yfsm.s5 ; 0       ; 0       ; 0       ; 1       ; 0       ; 0       ; 0       ; 0       ; 1       ;
; yfsm.s6 ; 0       ; 0       ; 1       ; 0       ; 0       ; 0       ; 0       ; 0       ; 1       ;
; yfsm.s7 ; 0       ; 1       ; 0       ; 0       ; 0       ; 0       ; 0       ; 0       ; 1       ;
; yfsm.s8 ; 1       ; 0       ; 0       ; 0       ; 0       ; 0       ; 0       ; 0       ; 1       ;
+---------+---------+---------+---------+---------+---------+---------+---------+---------+---------+


+------------------------------------------------------+
; General Register Statistics                          ;
+----------------------------------------------+-------+
; Statistic                                    ; Value ;
+----------------------------------------------+-------+
; Total registers                              ; 34    ;
; Number of registers using Synchronous Clear  ; 0     ;
; Number of registers using Synchronous Load   ; 8     ;
; Number of registers using Asynchronous Clear ; 25    ;
; Number of registers using Asynchronous Load  ; 0     ;
; Number of registers using Clock Enable       ; 17    ;
; Number of registers using Preset             ; 0     ;
+----------------------------------------------+-------+


+-------------------------------------------------------------------------------------------------------------------------------------------------+
; Multiplexer Restructuring Statistics (Restructuring Performed)                                                                                  ;
+--------------------+-----------+---------------+----------------------+------------------------+------------+-----------------------------------+
; Multiplexer Inputs ; Bus Width ; Baseline Area ; Area if Restructured ; Saving if Restructured ; Registered ; Example Multiplexer Output        ;
+--------------------+-----------+---------------+----------------------+------------------------+------------+-----------------------------------+
; 129:1              ; 7 bits    ; 602 LEs       ; 42 LEs               ; 560 LEs                ; Yes        ; |finalproject|ALU:inst3|Result[7] ;
+--------------------+-----------+---------------+----------------------+------------------------+------------+-----------------------------------+


+-----------------------------------------------------+
; Post-Synthesis Netlist Statistics for Top Partition ;
+-----------------------+-----------------------------+
; Type                  ; Count                       ;
+-----------------------+-----------------------------+
; boundary_port         ; 50                          ;
; cycloneiii_ff         ; 34                          ;
;     CLR               ; 16                          ;
;     ENA CLR           ; 9                           ;
;     ENA SLD           ; 8                           ;
;     plain             ; 1                           ;
; cycloneiii_lcell_comb ; 125                         ;
;     arith             ; 21                          ;
;         3 data inputs ; 21                          ;
;     normal            ; 104                         ;
;         0 data inputs ; 1                           ;
;         1 data inputs ; 7                           ;
;         2 data inputs ; 25                          ;
;         3 data inputs ; 17                          ;
;         4 data inputs ; 54                          ;
;                       ;                             ;
; Max LUT depth         ; 7.70                        ;
; Average LUT depth     ; 4.14                        ;
+-----------------------+-----------------------------+


+-------------------------------+
; Elapsed Time Per Partition    ;
+----------------+--------------+
; Partition Name ; Elapsed Time ;
+----------------+--------------+
; Top            ; 00:00:00     ;
+----------------+--------------+


+-------------------------------+
; Analysis & Synthesis Messages ;
+-------------------------------+
Info: *******************************************************************
Info: Running Quartus Prime Analysis & Synthesis
    Info: Version 25.1std.0 Build 1129 10/21/2025 SC Lite Edition
    Info: Processing started: Sat Sep 12 17:33:32 2026
Info: Command: quartus_map --read_settings_files=on --write_settings_files=off finalproject -c finalproject
Warning (18236): Number of processors has not been specified which may cause overloading on shared machines.  Set the global assignment NUM_PARALLEL_PROCESSORS in your QSF to an appropriate value for best performance.
Info (20030): Parallel compilation is enabled and will use 16 of the 20 processors detected
Info (12021): Found 2 design units, including 1 entities, in source file /altera/13.0sp1/projects/coe328/lab 6 final/lab 6/sevenseg mod/sevenseggmod.vhd
    Info (12022): Found design unit 1: sevenseggmod-Behavior File: C:/altera/13.0sp1/Projects/COE328/LAB 6 final/LAB 6/SEVENSEG MOD/sevenseggmod.vhd Line: 10
    Info (12023): Found entity 1: sevenseggmod File: C:/altera/13.0sp1/Projects/COE328/LAB 6 final/LAB 6/SEVENSEG MOD/sevenseggmod.vhd Line: 5
Info (12021): Found 2 design units, including 1 entities, in source file /altera/13.0sp1/projects/coe328/lab 6 final/lab 6/alu mod 2/alumod2.vhd
    Info (12022): Found design unit 1: ALUmod2-calculation File: C:/altera/13.0sp1/Projects/COE328/LAB 6 final/LAB 6/ALU MOD 2/ALUmod2.vhd Line: 12
    Info (12023): Found entity 1: ALUmod2 File: C:/altera/13.0sp1/Projects/COE328/LAB 6 final/LAB 6/ALU MOD 2/ALUmod2.vhd Line: 5
Info (12021): Found 2 design units, including 1 entities, in source file /altera/13.0sp1/projects/coe328/lab 6 final/lab 6/alu mod/alumod.vhd
    Info (12022): Found design unit 1: ALUmod-calculation File: C:/altera/13.0sp1/Projects/COE328/LAB 6 final/LAB 6/ALU MOD/ALUmod.vhd Line: 13
    Info (12023): Found entity 1: ALUmod File: C:/altera/13.0sp1/Projects/COE328/LAB 6 final/LAB 6/ALU MOD/ALUmod.vhd Line: 5
Info (12021): Found 2 design units, including 1 entities, in source file /altera/13.0sp1/projects/coe328/lab 6 final/lab 6/sevenseg/sevensegg.vhd
    Info (12022): Found design unit 1: sevensegg-Behavior File: C:/altera/13.0sp1/Projects/COE328/LAB 6 final/LAB 6/SEVENSEG/sevensegg.vhd Line: 12
    Info (12023): Found entity 1: sevensegg File: C:/altera/13.0sp1/Projects/COE328/LAB 6 final/LAB 6/SEVENSEG/sevensegg.vhd Line: 5
Info (12021): Found 2 design units, including 1 entities, in source file /altera/13.0sp1/projects/coe328/lab 6 final/lab 6/mux/2to4dec.vhd
    Info (12022): Found design unit 1: dec2to4-Behaviour File: C:/altera/13.0sp1/Projects/COE328/LAB 6 final/LAB 6/MUX/2to4dec.vhd Line: 12
    Info (12023): Found entity 1: dec2to4 File: C:/altera/13.0sp1/Projects/COE328/LAB 6 final/LAB 6/MUX/2to4dec.vhd Line: 4
Info (12021): Found 2 design units, including 1 entities, in source file /altera/13.0sp1/projects/coe328/lab 6 final/lab 6/register/latch1.vhd
    Info (12022): Found design unit 1: latch1-behaviour File: C:/altera/13.0sp1/Projects/COE328/LAB 6 final/LAB 6/REGISTER/latch1.vhd Line: 10
    Info (12023): Found entity 1: latch1 File: C:/altera/13.0sp1/Projects/COE328/LAB 6 final/LAB 6/REGISTER/latch1.vhd Line: 4
Info (12021): Found 2 design units, including 1 entities, in source file /altera/13.0sp1/projects/coe328/lab 6 final/lab 6/fsm/machine.vhd
    Info (12022): Found design unit 1: machine-fsm File: C:/altera/13.0sp1/Projects/COE328/LAB 6 final/LAB 6/FSM/machine.vhd Line: 14
    Info (12023): Found entity 1: machine File: C:/altera/13.0sp1/Projects/COE328/LAB 6 final/LAB 6/FSM/machine.vhd Line: 4
Info (12021): Found 2 design units, including 1 entities, in source file /altera/13.0sp1/projects/coe328/lab 6 final/lab 6/alu core/alu.vhd
    Info (12022): Found design unit 1: ALU-calculation File: C:/altera/13.0sp1/Projects/COE328/LAB 6 final/LAB 6/ALU CORE/ALU.vhd Line: 14
    Info (12023): Found entity 1: ALU File: C:/altera/13.0sp1/Projects/COE328/LAB 6 final/LAB 6/ALU CORE/ALU.vhd Line: 5
Info (12021): Found 1 design units, including 1 entities, in source file finalproject.bdf
    Info (12023): Found entity 1: finalproject
Info (12021): Found 2 design units, including 1 entities, in source file dec4to16.vhd
    Info (12022): Found design unit 1: dec4to16-behavioral File: C:/altera/13.0sp1/Projects/COE328/LAB 6 final/LAB 6/final project/dec4to16.vhd Line: 12
    Info (12023): Found entity 1: dec4to16 File: C:/altera/13.0sp1/Projects/COE328/LAB 6 final/LAB 6/final project/dec4to16.vhd Line: 4
Info (12021): Found 1 design units, including 1 entities, in source file finalproject2.bdf
    Info (12023): Found entity 1: finalproject2
Info (12021): Found 1 design units, including 1 entities, in source file finalproject3.bdf
    Info (12023): Found entity 1: finalproject3
Info (12127): Elaborating entity "finalproject" for the top level hierarchy
Warning (275011): Block or symbol "GND" of instance "inst11" overlaps another block or symbol
Warning (275008): Primitive "GND" of instance "inst11" not used
Warning (275008): Primitive "GND" of instance "inst8" not used
Info (12128): Elaborating entity "sevensegg" for hierarchy "sevensegg:inst13"
Info (12128): Elaborating entity "ALU" for hierarchy "ALU:inst3"
Info (12128): Elaborating entity "latch1" for hierarchy "latch1:inst"
Info (12128): Elaborating entity "dec4to16" for hierarchy "dec4to16:inst1"
Info (12128): Elaborating entity "machine" for hierarchy "machine:inst4"
Warning (13024): Output pins are stuck at VCC or GND
    Warning (13410): Pin "R_sign[0]" is stuck at VCC
    Warning (13410): Pin "R_sign[1]" is stuck at VCC
    Warning (13410): Pin "R_sign[2]" is stuck at VCC
    Warning (13410): Pin "R_sign[3]" is stuck at VCC
    Warning (13410): Pin "R_sign[4]" is stuck at VCC
    Warning (13410): Pin "R_sign[5]" is stuck at VCC
Info (286030): Timing-Driven Synthesis is running
Info (16010): Generating hard_block partition "hard_block:auto_generated_inst"
    Info (16011): Adding 0 node(s), including 0 DDIO, 0 PLL, 0 transceiver and 0 LCELL
Info (21057): Implemented 193 device resources after synthesis - the final resource count might be different
    Info (21058): Implemented 22 input pins
    Info (21059): Implemented 28 output pins
    Info (21061): Implemented 143 logic cells
Info: Quartus Prime Analysis & Synthesis was successful. 0 errors, 11 warnings
    Info: Peak virtual memory: 4942 megabytes
    Info: Processing ended: Sat Sep 12 17:33:38 2026
    Info: Elapsed time: 00:00:06
    Info: Total CPU time (on all processors): 00:00:14


